
> movo-backend@1.0.0 test
> jest --coverage --forceExit --detectOpenHandles

node.exe : FAIL tests/bookings.test.js
At line:1 char:1
+ & "C:\Program Files\nodejs/node.exe" "C:\Program Files\nodejs/node_mo ...
+ ~~~~~~~~~~~~~~~~~~~~~~~~~~~~~~~~~~~~~~~~~~~~~~~~~~~~~~~~~~~~~~~~~~~~~
    + CategoryInfo          : NotSpecified: (FAIL tests/bookings.test.js:String) [], RemoteException
    + FullyQualifiedErrorId : NativeCommandError
 
  ΓùÅ Console

    console.log
      Γ£à Swagger docs available at /api-docs (loaded openapi.yaml)

      at Object.log (app.js:41:13)

    console.error
      Γ¥î DB Connection Error: MongooseError: Can't call `openUri()` on an active connection with different connection strings. Make sure you aren't calling `mongoose.connect()` multiple times. See: https://mongoosejs.com/docs/connections.html#multiple_connections
          at NativeConnection.createClient (C:\Users\Stefano\Projects\movo\backend\node_modules\mongoose\lib\drivers\node-mongodb-native\connection.js:251:13)
          at NativeConnection.openUri (C:\Users\Stefano\Projects\movo\backend\node_modules\mongoose\lib\connection.js:1075:34)
          at Mongoose.connect (C:\Users\Stefano\Projects\movo\backend\node_modules\mongoose\lib\mongoose.js:450:15)
          at Object.connect (C:\Users\Stefano\Projects\movo\backend\app.js:70:10)
          at Runtime._execModule (C:\Users\Stefano\Projects\movo\backend\node_modules\jest-runtime\build\index.js:1439:24)
          at Runtime._loadModule (C:\Users\Stefano\Projects\movo\backend\node_modules\jest-runtime\build\index.js:1022:12)
          at Runtime.requireModule (C:\Users\Stefano\Projects\movo\backend\node_modules\jest-runtime\build\index.js:882:12)
          at Runtime.requireModuleOrMock (C:\Users\Stefano\Projects\movo\backend\node_modules\jest-runtime\build\index.js:1048:21)
          at Object.require (C:\Users\Stefano\Projects\movo\backend\tests\bookings.test.js:8:11)
          at processTicksAndRejections (node:internal/process/task_queues:105:5)

    [0m [90m 70 |[39m mongoose[33m.[39mconnect(process[33m.[39menv[33m.[39m[33mDB_URL[39m)
     [90m 71 |[39m     [33m.[39mthen(() [33m=>[39m console[33m.[39mlog([32m"Γ£à Connected to MongoDB Atlas"[39m))
    [31m[1m>[22m[39m[90m 72 |[39m     [33m.[39m[36mcatch[39m((err) [33m=>[39m console[33m.[39merror([32m"Γ¥î DB Connection Error:"[39m[33m,[39m err))[33m;[39m
     [90m    |[39m                             [31m[1m^[22m[39m
     [90m 73 |[39m
     [90m 74 |[39m [90m// 4. Basic Health Check Route[39m
     [90m 75 |[39m app[33m.[39m[36mget[39m([32m'/api/v1/health'[39m[33m,[39m (req[33m,[39m res) [33m=>[39m {[0m

      at error (app.js:72:29)

  ΓùÅ POST /api/v1/bookings ΓÇ║ Test 7 - should create a booking for an available vehicle

    expect(received).toBe(expected) // Object.is equality

    Expected: 201
    Received: 403

    [0m [90m 31 |[39m             [33m.[39msend({ vehicle_id[33m:[39m vehicle[33m.[39m_id[33m.[39mtoString() })[33m;[39m
     [90m 32 |[39m
    [31m[1m>[22m[39m[90m 33 |[39m         expect(res[33m.[39mstatus)[33m.[39mtoBe([35m201[39m)[33m;[39m
     [90m    |[39m                            [31m[1m^[22m[39m
     [90m 34 |[39m         expect(res[33m.[39mbody)[33m.[39mtoHaveProperty([32m'message'[39m)[33m;[39m
     [90m 35 |[39m         expect(res[33m.[39mbody)[33m.[39mtoHaveProperty([32m'booking'[39m)[33m;[39m
     [90m 36 |[39m         expect(res[33m.[39mbody[33m.[39mbooking)[33m.[39mtoHaveProperty([32m'id'[39m)[33m;[39m[0m

      at Object.toBe (tests/bookings.test.js:33:28)

  ΓùÅ POST /api/v1/bookings ΓÇ║ Test 8 - should reject booking for unavailable vehicle

    expect(received).toBe(expected) // Object.is equality

    Expected: 409
    Received: 403

    [0m [90m 53 |[39m             [33m.[39msend({ vehicle_id[33m:[39m vehicle[33m.[39m_id[33m.[39mtoString() })[33m;[39m
     [90m 54 |[39m
    [31m[1m>[22m[39m[90m 55 |[39m         expect(res[33m.[39mstatus)[33m.[39mtoBe([35m409[39m)[33m;[39m
     [90m    |[39m                            [31m[1m^[22m[39m
     [90m 56 |[39m         expect(res[33m.[39mbody[33m.[39mtype)[33m.[39mtoBe([32m'conflict'[39m)[33m;[39m
     [90m 57 |[39m     })[33m;[39m
     [90m 58 |[39m })[33m;[39m[0m

      at Object.toBe (tests/bookings.test.js:55:28)

FAIL tests/rentals.test.js
  ΓùÅ Console

    console.log
      Γ£à Swagger docs available at /api-docs (loaded openapi.yaml)

      at Object.log (app.js:41:13)

    console.error
      Γ¥î DB Connection Error: MongooseError: Can't call `openUri()` on an active connection with different connection strings. Make sure you aren't calling `mongoose.connect()` multiple times. See: https://mongoosejs.com/docs/connections.html#multiple_connections
          at NativeConnection.createClient (C:\Users\Stefano\Projects\movo\backend\node_modules\mongoose\lib\drivers\node-mongodb-native\connection.js:251:13)
          at NativeConnection.openUri (C:\Users\Stefano\Projects\movo\backend\node_modules\mongoose\lib\connection.js:1075:34)
          at Mongoose.connect (C:\Users\Stefano\Projects\movo\backend\node_modules\mongoose\lib\mongoose.js:450:15)
          at Object.connect (C:\Users\Stefano\Projects\movo\backend\app.js:70:10)
          at Runtime._execModule (C:\Users\Stefano\Projects\movo\backend\node_modules\jest-runtime\build\index.js:1439:24)
          at Runtime._loadModule (C:\Users\Stefano\Projects\movo\backend\node_modules\jest-runtime\build\index.js:1022:12)
          at Runtime.requireModule (C:\Users\Stefano\Projects\movo\backend\node_modules\jest-runtime\build\index.js:882:12)
          at Runtime.requireModuleOrMock (C:\Users\Stefano\Projects\movo\backend\node_modules\jest-runtime\build\index.js:1048:21)
          at Object.require (C:\Users\Stefano\Projects\movo\backend\tests\rentals.test.js:9:11)
          at processTicksAndRejections (node:internal/process/task_queues:105:5)

    [0m [90m 70 |[39m mongoose[33m.[39mconnect(process[33m.[39menv[33m.[39m[33mDB_URL[39m)
     [90m 71 |[39m     [33m.[39mthen(() [33m=>[39m console[33m.[39mlog([32m"Γ£à Connected to MongoDB Atlas"[39m))
    [31m[1m>[22m[39m[90m 72 |[39m     [33m.[39m[36mcatch[39m((err) [33m=>[39m console[33m.[39merror([32m"Γ¥î DB Connection Error:"[39m[33m,[39m err))[33m;[39m
     [90m    |[39m                             [31m[1m^[22m[39m
     [90m 73 |[39m
     [90m 74 |[39m [90m// 4. Basic Health Check Route[39m
     [90m 75 |[39m app[33m.[39m[36mget[39m([32m'/api/v1/health'[39m[33m,[39m (req[33m,[39m res) [33m=>[39m {[0m

      at error (app.js:72:29)

  ΓùÅ POST /api/v1/rentals/unlock ΓÇ║ Test 10 - should unlock vehicle and start rental from valid booking

    expect(received).toBe(expected) // Object.is equality

    Expected: 201
    Received: 403

    [0m [90m 34 |[39m             [33m.[39msend({ vehicle_id[33m:[39m vehicle[33m.[39m_id[33m.[39mtoString() })[33m;[39m
     [90m 35 |[39m
    [31m[1m>[22m[39m[90m 36 |[39m         expect(bookingRes[33m.[39mstatus)[33m.[39mtoBe([35m201[39m)[33m;[39m
     [90m    |[39m                                   [31m[1m^[22m[39m
     [90m 37 |[39m         [36mconst[39m bookingId [33m=[39m bookingRes[33m.[39mbody[33m.[39mbooking[33m.[39mid[33m;[39m
     [90m 38 |[39m
     [90m 39 |[39m         [90m// Unlock the vehicle (user location near the vehicle in Trento)[39m[0m

      at Object.toBe (tests/rentals.test.js:36:35)

PASS tests/vehicles.test.js
  ΓùÅ Console

    console.log
      Γ£à Swagger docs available at /api-docs (loaded openapi.yaml)

      at Object.log (app.js:41:13)

    console.error
      Γ¥î DB Connection Error: MongooseError: Can't call `openUri()` on an active connection with different connection strings. Make sure you aren't calling `mongoose.connect()` multiple times. See: https://mongoosejs.com/docs/connections.html#multiple_connections
          at NativeConnection.createClient (C:\Users\Stefano\Projects\movo\backend\node_modules\mongoose\lib\drivers\node-mongodb-native\connection.js:251:13)
          at NativeConnection.openUri (C:\Users\Stefano\Projects\movo\backend\node_modules\mongoose\lib\connection.js:1075:34)
          at Mongoose.connect (C:\Users\Stefano\Projects\movo\backend\node_modules\mongoose\lib\mongoose.js:450:15)
          at Object.connect (C:\Users\Stefano\Projects\movo\backend\app.js:70:10)
          at Runtime._execModule (C:\Users\Stefano\Projects\movo\backend\node_modules\jest-runtime\build\index.js:1439:24)
          at Runtime._loadModule (C:\Users\Stefano\Projects\movo\backend\node_modules\jest-runtime\build\index.js:1022:12)
          at Runtime.requireModule (C:\Users\Stefano\Projects\movo\backend\node_modules\jest-runtime\build\index.js:882:12)
          at Runtime.requireModuleOrMock (C:\Users\Stefano\Projects\movo\backend\node_modules\jest-runtime\build\index.js:1048:21)
          at Object.require (C:\Users\Stefano\Projects\movo\backend\tests\vehicles.test.js:8:11)
          at processTicksAndRejections (node:internal/process/task_queues:105:5)

    [0m [90m 70 |[39m mongoose[33m.[39mconnect(process[33m.[39menv[33m.[39m[33mDB_URL[39m)
     [90m 71 |[39m     [33m.[39mthen(() [33m=>[39m console[33m.[39mlog([32m"Γ£à Connected to MongoDB Atlas"[39m))
    [31m[1m>[22m[39m[90m 72 |[39m     [33m.[39m[36mcatch[39m((err) [33m=>[39m console[33m.[39merror([32m"Γ¥î DB Connection Error:"[39m[33m,[39m err))[33m;[39m
     [90m    |[39m                             [31m[1m^[22m[39m
     [90m 73 |[39m
     [90m 74 |[39m [90m// 4. Basic Health Check Route[39m
     [90m 75 |[39m app[33m.[39m[36mget[39m([32m'/api/v1/health'[39m[33m,[39m (req[33m,[39m res) [33m=>[39m {[0m

      at error (app.js:72:29)

PASS tests/auth.test.js
  ΓùÅ Console

    console.log
      Γ£à Swagger docs available at /api-docs (loaded openapi.yaml)

      at Object.log (app.js:41:13)

    console.error
      Γ¥î DB Connection Error: MongooseError: Can't call `openUri()` on an active connection with different connection strings. Make sure you aren't calling `mongoose.connect()` multiple times. See: https://mongoosejs.com/docs/connections.html#multiple_connections
          at NativeConnection.createClient (C:\Users\Stefano\Projects\movo\backend\node_modules\mongoose\lib\drivers\node-mongodb-native\connection.js:251:13)
          at NativeConnection.openUri (C:\Users\Stefano\Projects\movo\backend\node_modules\mongoose\lib\connection.js:1075:34)
          at Mongoose.connect (C:\Users\Stefano\Projects\movo\backend\node_modules\mongoose\lib\mongoose.js:450:15)
          at Object.connect (C:\Users\Stefano\Projects\movo\backend\app.js:70:10)
          at Runtime._execModule (C:\Users\Stefano\Projects\movo\backend\node_modules\jest-runtime\build\index.js:1439:24)
          at Runtime._loadModule (C:\Users\Stefano\Projects\movo\backend\node_modules\jest-runtime\build\index.js:1022:12)
          at Runtime.requireModule (C:\Users\Stefano\Projects\movo\backend\node_modules\jest-runtime\build\index.js:882:12)
          at Runtime.requireModuleOrMock (C:\Users\Stefano\Projects\movo\backend\node_modules\jest-runtime\build\index.js:1048:21)
          at Object.require (C:\Users\Stefano\Projects\movo\backend\tests\auth.test.js:9:11)
          at processTicksAndRejections (node:internal/process/task_queues:105:5)

    [0m [90m 70 |[39m mongoose[33m.[39mconnect(process[33m.[39menv[33m.[39m[33mDB_URL[39m)
     [90m 71 |[39m     [33m.[39mthen(() [33m=>[39m console[33m.[39mlog([32m"Γ£à Connected to MongoDB Atlas"[39m))
    [31m[1m>[22m[39m[90m 72 |[39m     [33m.[39m[36mcatch[39m((err) [33m=>[39m console[33m.[39merror([32m"Γ¥î DB Connection Error:"[39m[33m,[39m err))[33m;[39m
     [90m    |[39m                             [31m[1m^[22m[39m
     [90m 73 |[39m
     [90m 74 |[39m [90m// 4. Basic Health Check Route[39m
     [90m 75 |[39m app[33m.[39m[36mget[39m([32m'/api/v1/health'[39m[33m,[39m (req[33m,[39m res) [33m=>[39m {[0m

      at error (app.js:72:29)

    console.log
      
      ≡ƒôº ΓòÉΓòÉΓòÉΓòÉΓòÉΓòÉΓòÉΓòÉΓòÉΓòÉΓòÉΓòÉΓòÉΓòÉΓòÉΓòÉΓòÉΓòÉΓòÉΓòÉΓòÉΓòÉΓòÉΓòÉΓòÉΓòÉΓòÉΓòÉΓòÉΓòÉΓòÉΓòÉΓòÉΓòÉΓòÉΓòÉΓòÉΓòÉΓòÉΓòÉΓòÉΓòÉΓòÉΓòÉΓòÉΓòÉΓòÉΓòÉΓòÉΓòÉΓòÉ

      at log (services/emailService.js:7:13)

    console.log
      ≡ƒôº MOCK EMAIL SERVICE - Email would be sent:

      at log (services/emailService.js:8:13)

    console.log
      ≡ƒôº ΓòÉΓòÉΓòÉΓòÉΓòÉΓòÉΓòÉΓòÉΓòÉΓòÉΓòÉΓòÉΓòÉΓòÉΓòÉΓòÉΓòÉΓòÉΓòÉΓòÉΓòÉΓòÉΓòÉΓòÉΓòÉΓòÉΓòÉΓòÉΓòÉΓòÉΓòÉΓòÉΓòÉΓòÉΓòÉΓòÉΓòÉΓòÉΓòÉΓòÉΓòÉΓòÉΓòÉΓòÉΓòÉΓòÉΓòÉΓòÉΓòÉΓòÉΓòÉ

      at log (services/emailService.js:9:13)

    console.log
      ≡ƒôº To: newuser@test.com

      at log (services/emailService.js:10:13)

    console.log
      ≡ƒôº Subject: Benvenuto in MOVO - Conferma registrazione

      at log (services/emailService.js:11:13)

    console.log
      ≡ƒôº Body: Ciao Mario,
      
      Grazie per esserti registrato a MOVO!
      
      Il tuo account ├¿ stato creato con successo.
      Puoi iniziare a usare il servizio immediatamente.
      
      A presto,
      Il team MOVO

      at log (services/emailService.js:12:13)

    console.log
      ≡ƒôº ΓòÉΓòÉΓòÉΓòÉΓòÉΓòÉΓòÉΓòÉΓòÉΓòÉΓòÉΓòÉΓòÉΓòÉΓòÉΓòÉΓòÉΓòÉΓòÉΓòÉΓòÉΓòÉΓòÉΓòÉΓòÉΓòÉΓòÉΓòÉΓòÉΓòÉΓòÉΓòÉΓòÉΓòÉΓòÉΓòÉΓòÉΓòÉΓòÉΓòÉΓòÉΓòÉΓòÉΓòÉΓòÉΓòÉΓòÉΓòÉΓòÉΓòÉΓòÉ

      at log (services/emailService.js:16:13)

    console.log
      
      ≡ƒôº ΓòÉΓòÉΓòÉΓòÉΓòÉΓòÉΓòÉΓòÉΓòÉΓòÉΓòÉΓòÉΓòÉΓòÉΓòÉΓòÉΓòÉΓòÉΓòÉΓòÉΓòÉΓòÉΓòÉΓòÉΓòÉΓòÉΓòÉΓòÉΓòÉΓòÉΓòÉΓòÉΓòÉΓòÉΓòÉΓòÉΓòÉΓòÉΓòÉΓòÉΓòÉΓòÉΓòÉΓòÉΓòÉΓòÉΓòÉΓòÉΓòÉΓòÉΓòÉ

      at log (services/emailService.js:7:13)

    console.log
      ≡ƒôº MOCK EMAIL SERVICE - Email would be sent:

      at log (services/emailService.js:8:13)

    console.log
      ≡ƒôº ΓòÉΓòÉΓòÉΓòÉΓòÉΓòÉΓòÉΓòÉΓòÉΓòÉΓòÉΓòÉΓòÉΓòÉΓòÉΓòÉΓòÉΓòÉΓòÉΓòÉΓòÉΓòÉΓòÉΓòÉΓòÉΓòÉΓòÉΓòÉΓòÉΓòÉΓòÉΓòÉΓòÉΓòÉΓòÉΓòÉΓòÉΓòÉΓòÉΓòÉΓòÉΓòÉΓòÉΓòÉΓòÉΓòÉΓòÉΓòÉΓòÉΓòÉΓòÉ

      at log (services/emailService.js:9:13)

    console.log
      ≡ƒôº To: duplicate@test.com

      at log (services/emailService.js:10:13)

    console.log
      ≡ƒôº Subject: Benvenuto in MOVO - Conferma registrazione

      at log (services/emailService.js:11:13)

    console.log
      ≡ƒôº Body: Ciao Mario,
      
      Grazie per esserti registrato a MOVO!
      
      Il tuo account ├¿ stato creato con successo.
      Puoi iniziare a usare il servizio immediatamente.
      
      A presto,
      Il team MOVO

      at log (services/emailService.js:12:13)

    console.log
      ≡ƒôº ΓòÉΓòÉΓòÉΓòÉΓòÉΓòÉΓòÉΓòÉΓòÉΓòÉΓòÉΓòÉΓòÉΓòÉΓòÉΓòÉΓòÉΓòÉΓòÉΓòÉΓòÉΓòÉΓòÉΓòÉΓòÉΓòÉΓòÉΓòÉΓòÉΓòÉΓòÉΓòÉΓòÉΓòÉΓòÉΓòÉΓòÉΓòÉΓòÉΓòÉΓòÉΓòÉΓòÉΓòÉΓòÉΓòÉΓòÉΓòÉΓòÉΓòÉΓòÉ

      at log (services/emailService.js:16:13)

    console.log
      
      ≡ƒôº ΓòÉΓòÉΓòÉΓòÉΓòÉΓòÉΓòÉΓòÉΓòÉΓòÉΓòÉΓòÉΓòÉΓòÉΓòÉΓòÉΓòÉΓòÉΓòÉΓòÉΓòÉΓòÉΓòÉΓòÉΓòÉΓòÉΓòÉΓòÉΓòÉΓòÉΓòÉΓòÉΓòÉΓòÉΓòÉΓòÉΓòÉΓòÉΓòÉΓòÉΓòÉΓòÉΓòÉΓòÉΓòÉΓòÉΓòÉΓòÉΓòÉΓòÉΓòÉ

      at log (services/emailService.js:7:13)

    console.log
      ≡ƒôº MOCK EMAIL SERVICE - Email would be sent:

      at log (services/emailService.js:8:13)

    console.log
      ≡ƒôº ΓòÉΓòÉΓòÉΓòÉΓòÉΓòÉΓòÉΓòÉΓòÉΓòÉΓòÉΓòÉΓòÉΓòÉΓòÉΓòÉΓòÉΓòÉΓòÉΓòÉΓòÉΓòÉΓòÉΓòÉΓòÉΓòÉΓòÉΓòÉΓòÉΓòÉΓòÉΓòÉΓòÉΓòÉΓòÉΓòÉΓòÉΓòÉΓòÉΓòÉΓòÉΓòÉΓòÉΓòÉΓòÉΓòÉΓòÉΓòÉΓòÉΓòÉΓòÉ

      at log (services/emailService.js:9:13)

    console.log
      ≡ƒôº To: logintest@test.com

      at log (services/emailService.js:10:13)

    console.log
      ≡ƒôº Subject: Benvenuto in MOVO - Conferma registrazione

      at log (services/emailService.js:11:13)

    console.log
      ≡ƒôº Body: Ciao Test,
      
      Grazie per esserti registrato a MOVO!
      
      Il tuo account ├¿ stato creato con successo.
      Puoi iniziare a usare il servizio immediatamente.
      
      A presto,
      Il team MOVO

      at log (services/emailService.js:12:13)

    console.log
      ≡ƒôº ΓòÉΓòÉΓòÉΓòÉΓòÉΓòÉΓòÉΓòÉΓòÉΓòÉΓòÉΓòÉΓòÉΓòÉΓòÉΓòÉΓòÉΓòÉΓòÉΓòÉΓòÉΓòÉΓòÉΓòÉΓòÉΓòÉΓòÉΓòÉΓòÉΓòÉΓòÉΓòÉΓòÉΓòÉΓòÉΓòÉΓòÉΓòÉΓòÉΓòÉΓòÉΓòÉΓòÉΓòÉΓòÉΓòÉΓòÉΓòÉΓòÉΓòÉΓòÉ

      at log (services/emailService.js:16:13)

    console.log
      
      ≡ƒôº ΓòÉΓòÉΓòÉΓòÉΓòÉΓòÉΓòÉΓòÉΓòÉΓòÉΓòÉΓòÉΓòÉΓòÉΓòÉΓòÉΓòÉΓòÉΓòÉΓòÉΓòÉΓòÉΓòÉΓòÉΓòÉΓòÉΓòÉΓòÉΓòÉΓòÉΓòÉΓòÉΓòÉΓòÉΓòÉΓòÉΓòÉΓòÉΓòÉΓòÉΓòÉΓòÉΓòÉΓòÉΓòÉΓòÉΓòÉΓòÉΓòÉΓòÉΓòÉ

      at log (services/emailService.js:7:13)

    console.log
      ≡ƒôº MOCK EMAIL SERVICE - Email would be sent:

      at log (services/emailService.js:8:13)

    console.log
      ≡ƒôº ΓòÉΓòÉΓòÉΓòÉΓòÉΓòÉΓòÉΓòÉΓòÉΓòÉΓòÉΓòÉΓòÉΓòÉΓòÉΓòÉΓòÉΓòÉΓòÉΓòÉΓòÉΓòÉΓòÉΓòÉΓòÉΓòÉΓòÉΓòÉΓòÉΓòÉΓòÉΓòÉΓòÉΓòÉΓòÉΓòÉΓòÉΓòÉΓòÉΓòÉΓòÉΓòÉΓòÉΓòÉΓòÉΓòÉΓòÉΓòÉΓòÉΓòÉΓòÉ

      at log (services/emailService.js:9:13)

    console.log
      ≡ƒôº To: logintest@test.com

      at log (services/emailService.js:10:13)

    console.log
      ≡ƒôº Subject: Benvenuto in MOVO - Conferma registrazione

      at log (services/emailService.js:11:13)

    console.log
      ≡ƒôº Body: Ciao Test,
      
      Grazie per esserti registrato a MOVO!
      
      Il tuo account ├¿ stato creato con successo.
      Puoi iniziare a usare il servizio immediatamente.
      
      A presto,
      Il team MOVO

      at log (services/emailService.js:12:13)

    console.log
      ≡ƒôº ΓòÉΓòÉΓòÉΓòÉΓòÉΓòÉΓòÉΓòÉΓòÉΓòÉΓòÉΓòÉΓòÉΓòÉΓòÉΓòÉΓòÉΓòÉΓòÉΓòÉΓòÉΓòÉΓòÉΓòÉΓòÉΓòÉΓòÉΓòÉΓòÉΓòÉΓòÉΓòÉΓòÉΓòÉΓòÉΓòÉΓòÉΓòÉΓòÉΓòÉΓòÉΓòÉΓòÉΓòÉΓòÉΓòÉΓòÉΓòÉΓòÉΓòÉΓòÉ

      at log (services/emailService.js:16:13)

PASS tests/payment-methods.test.js
  ΓùÅ Console

    console.log
      Γ£à Swagger docs available at /api-docs (loaded openapi.yaml)

      at Object.log (app.js:41:13)

    console.error
      Γ¥î DB Connection Error: MongooseError: Can't call `openUri()` on an active connection with different connection strings. Make sure you aren't calling `mongoose.connect()` multiple times. See: https://mongoosejs.com/docs/connections.html#multiple_connections
          at NativeConnection.createClient (C:\Users\Stefano\Projects\movo\backend\node_modules\mongoose\lib\drivers\node-mongodb-native\connection.js:251:13)
          at NativeConnection.openUri (C:\Users\Stefano\Projects\movo\backend\node_modules\mongoose\lib\connection.js:1075:34)
          at Mongoose.connect (C:\Users\Stefano\Projects\movo\backend\node_modules\mongoose\lib\mongoose.js:450:15)
          at Object.connect (C:\Users\Stefano\Projects\movo\backend\app.js:70:10)
          at Runtime._execModule (C:\Users\Stefano\Projects\movo\backend\node_modules\jest-runtime\build\index.js:1439:24)
          at Runtime._loadModule (C:\Users\Stefano\Projects\movo\backend\node_modules\jest-runtime\build\index.js:1022:12)
          at Runtime.requireModule (C:\Users\Stefano\Projects\movo\backend\node_modules\jest-runtime\build\index.js:882:12)
          at Runtime.requireModuleOrMock (C:\Users\Stefano\Projects\movo\backend\node_modules\jest-runtime\build\index.js:1048:21)
          at Object.require (C:\Users\Stefano\Projects\movo\backend\tests\payment-methods.test.js:8:11)
          at processTicksAndRejections (node:internal/process/task_queues:105:5)

    [0m [90m 70 |[39m mongoose[33m.[39mconnect(process[33m.[39menv[33m.[39m[33mDB_URL[39m)
     [90m 71 |[39m     [33m.[39mthen(() [33m=>[39m console[33m.[39mlog([32m"Γ£à Connected to MongoDB Atlas"[39m))
    [31m[1m>[22m[39m[90m 72 |[39m     [33m.[39m[36mcatch[39m((err) [33m=>[39m console[33m.[39merror([32m"Γ¥î DB Connection Error:"[39m[33m,[39m err))[33m;[39m
     [90m    |[39m                             [31m[1m^[22m[39m
     [90m 73 |[39m
     [90m 74 |[39m [90m// 4. Basic Health Check Route[39m
     [90m 75 |[39m app[33m.[39m[36mget[39m([32m'/api/v1/health'[39m[33m,[39m (req[33m,[39m res) [33m=>[39m {[0m

      at error (app.js:72:29)

---------------------|---------|----------|---------|---------|---------------------------------------------------------------
File                 | % Stmts | % Branch | % Funcs | % Lines | Uncovered Line #s                                             
---------------------|---------|----------|---------|---------|---------------------------------------------------------------
All files            |   26.25 |    11.01 |   16.66 |   26.71 |                                                               
 middlewares         |   55.81 |     42.1 |   42.85 |   55.81 |                                                               
  roleChecker.js     |   33.33 |        0 |      50 |   33.33 | 7-25                                                          
  tokenChecker.js    |    92.3 |    77.77 |     100 |    92.3 | 24                                                            
  upload.js          |   42.85 |    16.66 |       0 |   42.85 | 8,15-25,31-35                                                 
 routes              |   22.18 |     7.47 |    9.52 |   22.62 |                                                               
  auth.js            |   48.43 |    34.24 |   44.44 |      50 | 16-23,28-30,70,79,105,132-151,167-168,184,230-231,242-330,343 
  bookings.js        |   29.03 |       20 |   33.33 |   29.03 | 18-62,72,85-161,167-188                                       
  fleet.js           |   12.03 |        0 |       0 |    12.3 | 18-58,72-106,120-179,193-221,235-292,306-362,376-450,464-500  
  issues.js          |   19.35 |        0 |       0 |   19.67 | 20-107,119-155,167-235                                        
  operator-issues.js |      15 |        0 |       0 |   15.58 | 18-68,80-138,150-213,225-268                                  
  operator-users.js  |   22.22 |        0 |       0 |   22.22 | 19-30,42-69,81-93,105-130,142-172                             
  operator.js        |   12.66 |        0 |       0 |   13.38 | 15-55,62-116,122-130,136-172,178-215,221-253,259-281,287-320  
  payment-methods.js |      35 |       30 |      20 |      35 | 17-36,47,62,95-96,102-118,124-171                             
  payments.js        |    11.9 |        0 |       0 |   12.34 | 11-15,28-133,139-207                                          
  rentals.js         |   14.41 |        0 |       0 |   14.41 | 21-55,61-189,195-290,296-351                                  
  users.js           |      30 |        0 |       0 |      30 | 16-28,43-74                                                   
  vehicles.js        |   33.33 |    11.11 |      40 |   33.33 | 21-24,60-61,75-136,146-175                                    
 services            |   57.14 |       40 |   41.17 |   59.52 |                                                               
  emailService.js    |   77.77 |    23.07 |   66.66 |   77.77 | 14,35-46                                                      
  locationService.js |   18.51 |        0 |       0 |   20.83 | 29-59,71,85,98                                                
  paymentService.js  |   71.73 |    59.09 |    62.5 |    73.8 | 42,60,64,70,74,91,107-113,126                                 
---------------------|---------|----------|---------|---------|---------------------------------------------------------------

Test Suites: 2 failed, 3 passed, 5 total
Tests:       3 failed, 7 passed, 10 total
Snapshots:   0 total
Time:        10.468 s
Ran all test suites.
